t 24 2023 14:58:54[0m
[0;32mI (22ï¿½ets Jul 29 2019 12:21:46

rst:0x1 (POWERON_RESET),boot:0x13 (SPI_FAST_FLASH_BOOT)
configsip: 0, SPIWP:0xee
clk_drv:0x00,q_drv:0x00,d_drv:0x00,cs0_drv:0x00,hd_drv:0x00,wp_drv:0x00
mode:DIO, clock div:2
load:0x3fff0030,len:7140
load:0x40078000,len:15696
ho 0 tail 12 room 4
load:0x40080400,len:4
load:0x40080404,len:3944
entry 0x4008065c
[0;32mI (31) boot: ESP-IDF v5.2-dev-3318-g8fc8f3f479-dirty 2nd stage bootloader[0m
[0;32mI (31) boot: compile time Oct 24 2023 14:54:19[0m
[0;32mI (33) boot: Multicore bootloader[0m
[0;32mI (38) boot: chip revision: v3.0[0m
[0;32mI (41) boot.esp32: SPI Speed      : 40MHz[0m
[0;32mI (46) boot.esp32: SPI Mode       : DIO[0m
[0;32mI (51) boot.esp32: SPI Flash Size : 2MB[0m
[0;32mI (55) boot: Enabling RNG early entropy source...[0m
[0;32mI (61) boot: Partition Table:[0m
[0;32mI (64) boot: ## Label            Usage          Type ST Offset   Length[0m
[0;32mI (71) boot:  0 nvs              WiFi data        01 02 00009000 00006000[0m
[0;32mI (79) boot:  1 phy_init         RF data          01 01 0000f000 00001000[0m
[0;32mI (86) boot:  2 factory          factory app      00 00 00010000 00100000[0m
[0;32mI (94) boot: End of partition table[0m
[0;32mI (98) esp_image: segment 0: paddr=00010020 vaddr=3f400020 size=0a05ch ( 41052) map[0m
[0;32mI (121) esp_image: segment 1: paddr=0001a084 vaddr=3ffb0000 size=020f4h (  8436) load[0m
[0;32mI (125) esp_image: segment 2: paddr=0001c180 vaddr=40080000 size=03e98h ( 16024) load[0m
[0;32mI (134) esp_image: segment 3: paddr=00020020 vaddr=400d0020 size=148ech ( 84204) map[0m
[0;32mI (166) esp_image: segment 4: paddr=00034914 vaddr=40083e98 size=082ech ( 33516) load[0m
[0;32mI (186) boot: Loaded app from partition at offset 0x10000[0m
[0;32mI (186) boot: Disabling RNG early entropy source...[0m
[0;32mI (198) cpu_start: Multicore app[0m
[0;32mI (207) cpu_start: Pro cpu start user code[0m
[0;32mI (207) cpu_start: cpu freq: 160000000 Hz[0m
[0;32mI (207) cpu_start: Application information:[0m
[0;32mI (210) cpu_start: Project name:     app-template[0m
[0;32mI (215) cpu_start: App version:      1[0m
[0;32mI (220) cpu_start: Compile time:     Oct 24 2023 14:58:54[0m
[0;32mI (226) cpu_start: ELF file SHA256:  0c47c6e74...[0m
[0;32mI (231) cpu_start: ESP-IDF:          v5.2-dev-3318-g8fc8f3f479-dirty[0m
[0;32mI (238) cpu_start: Min chip rev:     v0.0[0m
[0;32mI (243) cpu_start: Max chip rev:     v3.99 [0m
[0;32mI (248) cpu_start: Chip rev:         v3.0[0m
[0;32mI (252) heap_init: Initializing. RAM available for dynamic allocation:[0m
[0;32mI (260) heap_init: At 3FFAE6E0 len 00001920 (6 KiB): DRAM[0m
[0;32mI (266) heap_init: At 3FFB2998 len 0002D668 (181 KiB): DRAM[0m
[0;32mI (272) heap_init: At 3FFE0440 len 00003AE0 (14 KiB): D/IRAM[0m
[0;32mI (278) heap_init: At 3FFE4350 len 0001BCB0 (111 KiB): D/IRAM[0m
[0;32mI (285) heap_init: At 4008C184 len 00013E7C (79 KiB): IRAM[0m
[0;32mI (292) spi_flash: detected chip: generic[0m
[0;32mI (295) spi_flash: flash io: dio[0m
[0;33mW (299) spi_flash: Detected size(4096k) larger than the size in the binary image header(2048k). Using the size in the binary image header.[0m
[0;32mI (313) main_task: Started on CPU0[0m
[0;32mI (323) main_task: Calling app_main()[0m
DAC initialized with the following parameters:
Frequency = 500
Phase = 2
Offset = 0
Frequency updated to 1000[hz]
Frequency updated to 2000[hz]
Frequency updated to 3000[hz]
Frequency updated to 4000[hz]
Frequency updated to 5000[hz]
Frequency updated to 6000[hz]
Frequency updated to 7000[hz]
Frequency updated to 8000[hz]
Frequency updated to 9000[hz]
Frequency updated to 10000[hz]
Frequency updated to 11000[hz]
Frequency updated to 12000[hz]
Frequency updated to 13000[hz]
Frequency updated to 14000[hz]
Frequency updated to 15000[hz]
Frequency updated to 16000[hz]
Frequency updated to 17000[hz]
Frequency updated to 18000[hz]
Frequency updated to 19000[hz]
Frequency updated to 20000[hz]
Frequency updated to 21000[hz]
Frequency updated to 22000[hz]
Frequency updated to 23000[hz]
Frequency updated to 24000[hz]
Frequency updated to 25000[hz]
Frequency updated to 26000[hz]
Frequency updated to 27000[hz]
Frequency updated to 28000[hz]
Frequency updated to 29000[hz]
Frequency updated to 30000[hz]
Frequency updated to 31000[hz]
Frequency updated to 32000[hz]
Frequency updated to 33000[hz]
Frequency updated to 34000[hz]
Frequency updated to 35000[hz]
Frequency updated to 36000[hz]
Frequency updated to 37000[hz]
Frequency updated to 38000[hz]
Frequency updated to 39000[hz]
Frequency updated to 40000[hz]
Frequency updated to 41000[hz]
Frequency updated to 42000[hz]
Frequency updated to 43000[hz]
Frequency updated to 44000[hz]
Frequency updated to 45000[hz]
Frequency updated to 46000[hz]
Frequency updated to 47000[hz]
Frequency updated to 48000[hz]
Frequency updated to 49000[hz]
Frequency updated to 50000[hz]
Frequency updated to 51000[hz]
Frequency updated to 52000[hz]
Frequency updated to 53000[hz]
Frequency updated to 54000[hz]
Frequency updated to 55000[hz]
Frequency updated to 56000[hz]
Frequency updated to 57000[hz]
Frequency updated to 58000[hz]
Frequency updated to 59000[hz]
Frequency updated to 60000[hz]
Frequency updated to 61000[hz]
Frequency updated to 62000[hz]
Frequency updated to 63000[hz]
Frequency updated to 64000[hz]
Frequency updated to 65000[hz]
Frequency updated to 66000[hz]
Frequency updated to 67000[hz]
Frequency updated to 68000[hz]
Frequency updated to 69000[hz]
Frequency updated to 70000[hz]
Frequency updated to 71000[hz]
Frequency updated to 72000[hz]
Frequency updated to 73000[hz]
Frequency updated to 74000[hz]
Frequency updated to 75000[hz]
Frequency updated to 76000[hz]
Frequency updated to 77000[hz]
Frequency updated to 78000[hz]
Frequency updated to 79000[hz]
Frequency updated to 80000[hz]
Frequency updated to 81000[hz]
Frequency updated to 82000[hz]
Frequency updated to 83000[hz]
Frequency updated to 84000[hz]
Frequency updated to 85000[hz]
Frequency updated to 86000[hz]
Frequency updated to 87000[hz]
Frequency updated to 88000[hz]
Frequency updated to 89000[hz]
Frequency updated to 90000[hz]
Frequency updated to 91000[hz]
Frequency updated to 92000[hz]
Frequency updated to 93000[hz]
Frequency updated to 94000[hz]
Frequency updated to 95000[hz]
Frequency updated to 96000[hz]
Frequency updated to 97000[hz]
Frequency updated to 98000[hz]
Frequency updated to 99000[hz]
Frequency updated to 100000[hz]
Frequency updated to 101000[hz]
Frequency updated to 102000[hz]
Frequency updated to 103000[hz]
Frequency updated to 104000[hz]
Frequency updated to 105000[hz]
Frequency updated to 106000[hz]
Frequency updated to 107000[hz]
Frequency updated to 108000[hz]
Frequency updated to 109000[hz]
Frequency updated to 110000[hz]
Frequency updated to 111000[hz]
Frequency updated to 112000[hz]
Frequency updated to 113000[hz]
Frequency updated to 114000[hz]
Frequency updated to 115000[hz]
Frequency updated to 116000[hz]
Frequency updated to 117000[hz]
Frequency updated to 118000[hz]
Frequency updated to 119000[hz]
Frequency updated to 120000[hz]
Frequency updated to 121000[hz]
Frequency updated to 122000[hz]
Frequency updated to 123000[hz]
Frequency updated to 124000[hz]
Frequency updated to 125000[hz]
Frequency updated to 126000[hz]
Frequency updated to 127000[hz]
Frequency updated to 128000[hz]
Frequency updated to 129000[hz]
Frequency updated to 130000[hz]
Frequency updated to 131000[hz]
Frequency updated to 132000[hz]
Frequency updated to 133000[hz]
Frequency updated to 134000[hz]
Frequency updated to 135000[hz]
Frequency updated to 136000[hz]
Frequency updated to 137000[hz]
Frequency updated to 138000[hz]
Frequency updated to 139000[hz]
Frequency updated to 140000[hz]
Frequency updated to 141000[hz]
Frequency updated to 142000[hz]
Frequency updated to 143000[hz]
Frequency updated to 144000[hz]
Frequency updated to 145000[hz]
Frequency updated to 146000[hz]
Frequency updated to 147000[hz]
Frequency updated to 148000[hz]
Frequency updated to 149000[hz]
Frequency updated to 150000[hz]
Frequency updated to 151000[hz]
Frequency updated to 152000[hz]
Frequency updated to 153000[hz]
Frequency updated to 154000[hz]
Frequency updated to 155000[hz]
Frequency updated to 156000[hz]
Frequency updated to 157000[hz]
Frequency updated to 158000[hz]
Frequency updated to 159000[hz]
Frequency updated to 160000[hz]
Frequency updated to 161000[hz]
Frequency updated to 162000[hz]
Frequency updated to 163000[hz]
Frequency updated to 164000[hz]
Frequency updated to 165000[hz]
Frequency updated to 166000[hz]
Frequency updated to 167000[hz]
Frequency updated to 168000[hz]
Frequency updated to 169000[hz]
Frequency updated to 170000[hz]
Frequency updated to 171000[hz]
Frequency updated to 172000[hz]
Frequency updated to 173000[hz]
Frequency updated to 174000[hz]
Frequency updated to 175000[hz]
Frequency updated to 176000[hz]
Frequency updated to 177000[hz]
Frequency updated to 178000[hz]
Frequency updated to 179000[hz]
Frequency updated to 180000[hz]
Frequency updated to 181000[hz]
Frequency updated to 182000[hz]
Frequency updated to 183000[hz]
Frequency updated to 184000[hz]
Frequency updated to 185000[hz]
Frequency updated to 186000[hz]
Frequency updated to 187000[hz]
Frequency updated to 188000[hz]
Frequency updated to 189000[hz]
Frequency updated to 190000[hz]
Frequency updated to 191000[hz]
Frequency updated to 192000[hz]
