[0;32mI (213) cpu_start: Pro cpï¿½ets Jul 29 2019 12:21:46

rst:0x1 (POWERON_RESET),boot:0x13 (SPI_FAST_FLASH_BOOT)
configsip: 0, SPIWP:0xee
clk_drv:0x00,q_drv:0x00,d_drv:0x00,cs0_drv:0x00,hd_drv:0x00,wp_drv:0x00
mode:DIO, clock div:2
load:0x3fff0030,len:7140
load:0x40078000,len:15696
ho 0 tail 12 room 4
load:0x40080400,len:4
load:0x40080404,len:3944
entry 0x4008065c
[0;32mI (31) boot: ESP-IDF v5.2-dev-3318-g8fc8f3f479-dirty 2nd stage bootloader[0m
[0;32mI (31) boot: compile time Nov  2 2023 09:33:48[0m
[0;32mI (33) boot: Multicore bootloader[0m
[0;32mI (38) boot: chip revision: v3.0[0m
[0;32mI (41) boot.esp32: SPI Speed      : 40MHz[0m
[0;32mI (46) boot.esp32: SPI Mode       : DIO[0m
[0;32mI (51) boot.esp32: SPI Flash Size : 2MB[0m
[0;32mI (55) boot: Enabling RNG early entropy source...[0m
[0;32mI (61) boot: Partition Table:[0m
[0;32mI (64) boot: ## Label            Usage          Type ST Offset   Length[0m
[0;32mI (71) boot:  0 nvs              WiFi data        01 02 00009000 00006000[0m
[0;32mI (79) boot:  1 phy_init         RF data          01 01 0000f000 00001000[0m
[0;32mI (86) boot:  2 factory          factory app      00 00 00010000 00100000[0m
[0;32mI (94) boot: End of partition table[0m
[0;32mI (98) esp_image: segment 0: paddr=00010020 vaddr=3f400020 size=0ad2ch ( 44332) map[0m
[0;32mI (122) esp_image: segment 1: paddr=0001ad54 vaddr=3ffb0000 size=02114h (  8468) load[0m
[0;32mI (126) esp_image: segment 2: paddr=0001ce70 vaddr=40080000 size=031a8h ( 12712) load[0m
[0;32mI (134) esp_image: segment 3: paddr=00020020 vaddr=400d0020 size=1692ch ( 92460) map[0m
[0;32mI (170) esp_image: segment 4: paddr=00036954 vaddr=400831a8 size=096e0h ( 38624) load[0m
[0;32mI (193) boot: Loaded app from partition at offset 0x10000[0m
[0;32mI (193) boot: Disabling RNG early entropy source...[0m
[0;32mI (204) cpu_start: Multicore app[0m
[0;32mI (213) cpu_start: Pro cpu start user code[0m
[0;32mI (213) cpu_start: cpu freq: 160000000 Hz[0m
[0;32mI (213) cpu_start: Application information:[0m
[0;32mI (216) cpu_start: Project name:     app-template[0m
[0;32mI (222) cpu_start: App version:      270fd80-dirty[0m
[0;32mI (227) cpu_start: Compile time:     Nov  2 2023 09:50:34[0m
[0;32mI (233) cpu_start: ELF file SHA256:  d342e138a...[0m
[0;32mI (239) cpu_start: ESP-IDF:          v5.2-dev-3318-g8fc8f3f479-dirty[0m
[0;32mI (246) cpu_start: Min chip rev:     v0.0[0m
[0;32mI (250) cpu_start: Max chip rev:     v3.99 [0m
[0;32mI (255) cpu_start: Chip rev:         v3.0[0m
[0;32mI (260) heap_init: Initializing. RAM available for dynamic allocation:[0m
[0;32mI (267) heap_init: At 3FFAE6E0 len 00001920 (6 KiB): DRAM[0m
[0;32mI (273) heap_init: At 3FFB2FF8 len 0002D008 (180 KiB): DRAM[0m
[0;32mI (279) heap_init: At 3FFE0440 len 00003AE0 (14 KiB): D/IRAM[0m
[0;32mI (286) heap_init: At 3FFE4350 len 0001BCB0 (111 KiB): D/IRAM[0m
[0;32mI (292) heap_init: At 4008C888 len 00013778 (77 KiB): IRAM[0m
[0;32mI (300) spi_flash: detected chip: generic[0m
[0;32mI (303) spi_flash: flash io: dio[0m
[0;33mW (307) spi_flash: Detected size(4096k) larger than the size in the binary image header(2048k). Using the size in the binary image header.[0m
[0;32mI (321) main_task: Started on CPU0[0m
[0;32mI (331) main_task: Calling app_main()[0m
[0;32mI (2341) dac continuous(DMA): triangle wave start[0m
[0;32mI (4341) dac continuous(DMA): sawtooth wave start[0m
[0;32mI (6341) dac continuous(DMA): square wave start[0m
[0;32mI (8341) dac continuous(DMA): sine wave start[0m
[0;32mI (10341) dac continuous(DMA): triangle wave start[0m
[0;32mI (12341) dac continuous(DMA): sawtooth wave start[0m
[0;32mI (14341) dac continuous(DMA): square wave start[0m
[0;32mI (16341) dac continuous(DMA): sine wave start[0m
[0;32mI (18341) dac continuous(DMA): triangle wave start[0m
[0;32mI (20341) dac continuous(DMA): sawtooth wave start[0m
[0;32mI (22341) dac continuous(DMA): square wave start[0m
[0;32mI (24341) dac continuous(DMA): sine wave start[0m
[0;32mI (26341) dac continuous(DMA): triangle wave start[0m
[0;32mI (28341) dac continuous(DMA): sawtooth wave start[0m
[0;32mI (30341) dac continuous(DMA): square wave start[0m
[0;32mI (32341) dac continuous(DMA): sine wave start[0m
[0;32mI (34341) dac continuous(DMA): triangle wave start[0m
[0;32mI (36341) dac continuous(DMA): sawtooth wave start[0m
[0;32mI (38341) dac continuous(DMA): square wave start[0m
[0;32mI (40341) dac continuous(DMA): sine wave start[0m
[0;32mI (42341) dac continuous(DMA): triangle wave start[0m
[0;32mI (44341) dac continuous(DMA): sawtooth wave start[0m
[0;32mI (46341) dac continuous(DMA): square wave start[0m
[0;32mI (48341) dac continuous(DMA): sine wave start[0m
[0;32mI (50341) dac continuous(DMA): triangle wave start[0m
[0;32mI (52341) dac continuous(DMA): sawtooth wave start[0m
[0;32mI (54341) dac continuous(DMA): square wave start[0m
[0;32mI (56341) dac continuous(DMA): sine wave start[0m
[0;32mI (58341) dac continuous(DMA): triangle wave start[0m
[0;32mI (60341) dac continuous(DMA): sawtooth wave start[0m
[0;32mI (62341) dac continuous(DMA): square wave start[0m
[0;32mI (64341) dac continuous(DMA): sine wave start[0m
[0;32mI (66341) dac continuous(DMA): triangle wave start[0m
[0;32mI (68341) dac continuous(DMA): sawtooth wave start[0m
[0;32mI (70341) dac continuous(DMA): square wave start[0m
[0;32mI (72341) dac continuous(DMA): sine wave start[0m
[0;32mI (74341) dac continuous(DMA): triangle wave start[0m
[0;32mI (76341) dac continuous(DMA): sawtooth wave start[0m
[0;32mI (78341) dac continuous(DMA): square wave start[0m
[0;32mI (80341) dac continuous(DMA): sine wave start[0m
[0;32mI (82341) dac continuous(DMA): triangle wave start[0m
[0;32mI (84341) dac continuous(DMA): sawtooth wave start[0m
[0;32mI (86341) dac continuous(DMA): square wave start[0m
[0;32mI (88341) dac continuous(DMA): sine wave start[0m
[0;32mI (90341) dac continuous(DMA): triangle wave start[0m
[0;32mI (92341) dac continuous(DMA): sawtooth wave start[0m
[0;32mI (94341) dac continuous(DMA): square wave start[0m
[0;32mI (96341) dac continuous(DMA): sine wave start[0m
[0;32mI (98341) dac continuous(DMA): triangle wave start[0m
[0;32mI (100341) dac continuous(DMA): sawtooth wave start[0m
[0;32mI (102341) dac continuous(DMA): square wave start[0m
[0;32mI (104341) dac continuous(DMA): sine wave start[0m
[0;32mI (106341) dac continuous(DMA): triangle wave start[0m
[0;32mI (108341) dac continuous(DMA): sawtooth wave start[0m
[0;32mI (110341) dac continuous(DMA): square wave start[0m
[0;32mI (112341) dac continuous(DMA): sine wave start[0m
[0;32mI (114341) dac continuous(DMA): triangle wave start[0m
[0;32mI (116341) dac continuous(DMA): sawtooth wave start[0m
[0;32mI (118341) dac continuous(DMA): square wave start[0m
[0;32mI (120341) dac continuous(DMA): sine wave start[0m
[0;32mI (122341) dac continuous(DMA): triangle wave start[0m
[0;32mI (124341) dac continuous(DMA): sawtooth wave start[0m
[0;32mI (126341) dac continuous(DMA): square wave start[0m
